raghav@RK:~/Desktop/Data Structures$ cd

raghav@RK:~$ lsb_release -a
No LSB modules are available.
Distributor ID:	Ubuntu
Description:	Ubuntu 20.04.2 LTS
Release:	20.04
Codename:	focal

raghav@RK:~$ apt install vsftpd
E: Could not open lock file /var/lib/dpkg/lock-frontend - open (13: Permission denied)
E: Unable to acquire the dpkg frontend lock (/var/lib/dpkg/lock-frontend), are you root?

raghav@RK:~$ sudo apt install vsftpd
[sudo] password for raghav: 
Reading package lists... Done
Building dependency tree       
Reading state information... Done
The following NEW packages will be installed:
  vsftpd
0 upgraded, 1 newly installed, 0 to remove and 2 not upgraded.
Need to get 115 kB of archives.
After this operation, 338 kB of additional disk space will be used.
Get:1 http://in.archive.ubuntu.com/ubuntu focal/main amd64 vsftpd amd64 3.0.3-12 [115 kB]
Fetched 115 kB in 0s (351 kB/s) 
Preconfiguring packages ...
Selecting previously unselected package vsftpd.
(Reading database ... 209171 files and directories currently installed.)
Preparing to unpack .../vsftpd_3.0.3-12_amd64.deb ...
Unpacking vsftpd (3.0.3-12) ...
Setting up vsftpd (3.0.3-12) ...
Created symlink /etc/systemd/system/multi-user.target.wants/vsftpd.service → /lib/systemd/system/vsftpd.service.
Processing triggers for man-db (2.9.1-1) ...
Processing triggers for systemd (245.4-4ubuntu3.6) ...

raghav@RK:~$ ip a
1: lo: <LOOPBACK,UP,LOWER_UP> mtu 65536 qdisc noqueue state UNKNOWN group default qlen 1000
    link/loopback 00:00:00:00:00:00 brd 00:00:00:00:00:00
    inet 127.0.0.1/8 scope host lo
       valid_lft forever preferred_lft forever
    inet6 ::1/128 scope host 
       valid_lft forever preferred_lft forever
2: enp2s0: <BROADCAST,MULTICAST,UP,LOWER_UP> mtu 1500 qdisc fq_codel state UP group default qlen 1000
    link/ether 54:48:10:ca:b3:f1 brd ff:ff:ff:ff:ff:ff
    inet 192.168.1.2/24 brd 192.168.1.255 scope global dynamic noprefixroute enp2s0
       valid_lft 57959sec preferred_lft 57959sec
    inet6 fe80::f0fd:fe7b:924:c25a/64 scope link noprefixroute 
       valid_lft forever preferred_lft forever
3: wlp3s0: <BROADCAST,MULTICAST,UP,LOWER_UP> mtu 1500 qdisc noqueue state UP group default qlen 1000
    link/ether dc:a2:66:0d:98:95 brd ff:ff:ff:ff:ff:ff
    inet 192.168.1.4/24 brd 192.168.1.255 scope global dynamic noprefixroute wlp3s0
       valid_lft 57959sec preferred_lft 57959sec
    inet6 fe80::2052:7321:103c:9f10/64 scope link noprefixroute 
       valid_lft forever preferred_lft forever

raghav@RK:~$ 

raghav@RK:~$ 

raghav@RK:~$ 

raghav@RK:~$ sudo service vsftpd status 
● vsftpd.service - vsftpd FTP server
     Loaded: loaded (/lib/systemd/system/vsftpd.service; enabled; vendor preset: enabled)
     Active: active (running) since Tue 2021-05-04 11:19:54 IST; 4min 47s ago
   Main PID: 34958 (vsftpd)
      Tasks: 1 (limit: 9321)
     Memory: 696.0K
     CGroup: /system.slice/vsftpd.service
             └─34958 /usr/sbin/vsftpd /etc/vsftpd.conf

May 04 11:19:54 RK systemd[1]: Starting vsftpd FTP server...
May 04 11:19:54 RK systemd[1]: Started vsftpd FTP server.

raghav@RK:~$ sudo ufw allow 20/tcp
Rules updated
Rules updated (v6)

raghav@RK:~$ sudo ufw allow 21/tcp
Rules updated
Rules updated (v6)

raghav@RK:~$ sudo ufw allow 40000:50000/tcp
Rules updated
Rules updated (v6)

raghav@RK:~$ sudo ufw allow 990/tcp
Rules updated
Rules updated (v6)

raghav@RK:~$ sudo ufw enable 
Firewall is active and enabled on system startup

raghav@RK:~$ sudo ufw allow open ssh
ERROR: Need 'to' or 'from' clause

raghav@RK:~$ sudo ufw allow openssh
ERROR: Could not find a profile matching 'openssh'

raghav@RK:~$ sudo ufw allow Openssh
ERROR: Could not find a profile matching 'Openssh'

raghav@RK:~$ sudo ufw allow OpenSSH
ERROR: Could not find a profile matching 'OpenSSH'

raghav@RK:~$ sudo ufw allow openssh
ERROR: Could not find a profile matching 'openssh'

raghav@RK:~$ sudo apt-get install ssh
Reading package lists... Done
Building dependency tree       
Reading state information... Done
The following additional packages will be installed:
  ncurses-term openssh-server openssh-sftp-server ssh-import-id
Suggested packages:
  molly-guard monkeysphere ssh-askpass
The following NEW packages will be installed:
  ncurses-term openssh-server openssh-sftp-server ssh ssh-import-id
0 upgraded, 5 newly installed, 0 to remove and 2 not upgraded.
Need to get 693 kB of archives.
After this operation, 6,130 kB of additional disk space will be used.
Do you want to continue? [Y/n] y
Get:1 http://in.archive.ubuntu.com/ubuntu focal-updates/main amd64 openssh-sftp-server amd64 1:8.2p1-4ubuntu0.2 [51.5 kB]
Get:2 http://in.archive.ubuntu.com/ubuntu focal-updates/main amd64 openssh-server amd64 1:8.2p1-4ubuntu0.2 [377 kB]
Get:3 http://in.archive.ubuntu.com/ubuntu focal-updates/main amd64 ssh all 1:8.2p1-4ubuntu0.2 [5,084 B]
Get:4 http://in.archive.ubuntu.com/ubuntu focal/main amd64 ncurses-term all 6.2-0ubuntu2 [249 kB]
Get:5 http://in.archive.ubuntu.com/ubuntu focal/main amd64 ssh-import-id all 5.10-0ubuntu1 [10.0 kB]
Fetched 693 kB in 0s (1,396 kB/s)        
Preconfiguring packages ...
Selecting previously unselected package openssh-sftp-server.
(Reading database ... 209228 files and directories currently installed.)
Preparing to unpack .../openssh-sftp-server_1%3a8.2p1-4ubuntu0.2_amd64.deb ...
Unpacking openssh-sftp-server (1:8.2p1-4ubuntu0.2) ...
Selecting previously unselected package openssh-server.
Preparing to unpack .../openssh-server_1%3a8.2p1-4ubuntu0.2_amd64.deb ...
Unpacking openssh-server (1:8.2p1-4ubuntu0.2) ...
Selecting previously unselected package ssh.
Preparing to unpack .../ssh_1%3a8.2p1-4ubuntu0.2_all.deb ...
Unpacking ssh (1:8.2p1-4ubuntu0.2) ...
Selecting previously unselected package ncurses-term.
Preparing to unpack .../ncurses-term_6.2-0ubuntu2_all.deb ...
Unpacking ncurses-term (6.2-0ubuntu2) ...
Selecting previously unselected package ssh-import-id.
Preparing to unpack .../ssh-import-id_5.10-0ubuntu1_all.deb ...
Unpacking ssh-import-id (5.10-0ubuntu1) ...
Setting up openssh-sftp-server (1:8.2p1-4ubuntu0.2) ...
Setting up openssh-server (1:8.2p1-4ubuntu0.2) ...

Creating config file /etc/ssh/sshd_config with new version
Creating SSH2 RSA key; this may take some time ...
3072 SHA256:gG+pzEGzCPP0o1z0jp4G8onSbPBf2FKFlTdVmCg/A3o root@RK (RSA)
Creating SSH2 ECDSA key; this may take some time ...
256 SHA256:IlTVZX79LB3Ub3l7PniOHKw1aXVcHJmFuh0b86mX+Q4 root@RK (ECDSA)
Creating SSH2 ED25519 key; this may take some time ...
256 SHA256:Ch7Hqwrqrx3h+L0a1vwFZgpnDP7wzGfhog/8LFXE/rI root@RK (ED25519)
Created symlink /etc/systemd/system/sshd.service → /lib/systemd/system/ssh.service.
Created symlink /etc/systemd/system/multi-user.target.wants/ssh.service → /lib/systemd/system/ssh.service.
rescue-ssh.target is a disabled or a static unit, not starting it.
Setting up ssh-import-id (5.10-0ubuntu1) ...
Attempting to convert /etc/ssh/ssh_import_id
Setting up ncurses-term (6.2-0ubuntu2) ...
Setting up ssh (1:8.2p1-4ubuntu0.2) ...
Processing triggers for systemd (245.4-4ubuntu3.6) ...
Processing triggers for man-db (2.9.1-1) ...
Processing triggers for ufw (0.36-6) ...

raghav@RK:~$ cd ~/openvpn-ca
bash: cd: /home/raghav/openvpn-ca: No such file or directory

raghav@RK:~$ sudo ufw allow OpenSSH
Rule added
Rule added (v6)

raghav@RK:~$ sudo ufw enable
Firewall is active and enabled on system startup

raghav@RK:~$ sudo ufw status
Status: active

To                         Action      From
--                         ------      ----
20/tcp                     ALLOW       Anywhere                  
21/tcp                     ALLOW       Anywhere                  
40000:50000/tcp            ALLOW       Anywhere                  
990/tcp                    ALLOW       Anywhere                  
OpenSSH                    ALLOW       Anywhere                  
20/tcp (v6)                ALLOW       Anywhere (v6)             
21/tcp (v6)                ALLOW       Anywhere (v6)             
40000:50000/tcp (v6)       ALLOW       Anywhere (v6)             
990/tcp (v6)               ALLOW       Anywhere (v6)             
OpenSSH (v6)               ALLOW       Anywhere (v6)             

raghav@RK:~$ ip 
Usage: ip [ OPTIONS ] OBJECT { COMMAND | help }
       ip [ -force ] -batch filename
where  OBJECT := { link | address | addrlabel | route | rule | neigh | ntable |
                   tunnel | tuntap | maddress | mroute | mrule | monitor | xfrm |
                   netns | l2tp | fou | macsec | tcp_metrics | token | netconf | ila |
                   vrf | sr | nexthop }
       OPTIONS := { -V[ersion] | -s[tatistics] | -d[etails] | -r[esolve] |
                    -h[uman-readable] | -iec | -j[son] | -p[retty] |
                    -f[amily] { inet | inet6 | mpls | bridge | link } |
                    -4 | -6 | -I | -D | -M | -B | -0 |
                    -l[oops] { maximum-addr-flush-attempts } | -br[ief] |
                    -o[neline] | -t[imestamp] | -ts[hort] | -b[atch] [filename] |
                    -rc[vbuf] [size] | -n[etns] name | -N[umeric] | -a[ll] |
                    -c[olor]}

raghav@RK:~$ ip a
1: lo: <LOOPBACK,UP,LOWER_UP> mtu 65536 qdisc noqueue state UNKNOWN group default qlen 1000
    link/loopback 00:00:00:00:00:00 brd 00:00:00:00:00:00
    inet 127.0.0.1/8 scope host lo
       valid_lft forever preferred_lft forever
    inet6 ::1/128 scope host 
       valid_lft forever preferred_lft forever
2: enp2s0: <BROADCAST,MULTICAST,UP,LOWER_UP> mtu 1500 qdisc fq_codel state UP group default qlen 1000
    link/ether 54:48:10:ca:b3:f1 brd ff:ff:ff:ff:ff:ff
    inet 192.168.1.2/24 brd 192.168.1.255 scope global dynamic noprefixroute enp2s0
       valid_lft 56755sec preferred_lft 56755sec
    inet6 fe80::f0fd:fe7b:924:c25a/64 scope link noprefixroute 
       valid_lft forever preferred_lft forever
3: wlp3s0: <BROADCAST,MULTICAST,UP,LOWER_UP> mtu 1500 qdisc noqueue state UP group default qlen 1000
    link/ether dc:a2:66:0d:98:95 brd ff:ff:ff:ff:ff:ff
    inet 192.168.1.4/24 brd 192.168.1.255 scope global dynamic noprefixroute wlp3s0
       valid_lft 56755sec preferred_lft 56755sec
    inet6 fe80::2052:7321:103c:9f10/64 scope link noprefixroute 
       valid_lft forever preferred_lft forever
